[7oroof.com/tfdemos/whole/index.html]
[backblue.gif]
[fade.gif]
[index.html]
[7oroof.com/tfdemos/whole/assets/images/logo/logo-light.png]
[7oroof.com/tfdemos/whole/assets/images/logo/logo-dark.png]
[7oroof.com/tfdemos/whole/home-agency.html]
[7oroof.com/tfdemos/whole/home-business.html]
[7oroof.com/tfdemos/whole/home-corporate.html]
[7oroof.com/tfdemos/whole/home-company.html]
[7oroof.com/tfdemos/whole/home-studio.html]
[7oroof.com/tfdemos/whole/home-small-business.html]
[7oroof.com/tfdemos/whole/home-split.html]
[7oroof.com/tfdemos/whole/home-creative.html]
[7oroof.com/tfdemos/whole/home-personal.html]
[7oroof.com/tfdemos/whole/home-portfolio-pinterest.html]
[7oroof.com/tfdemos/whole/home-portfolio-gallery.html]
[7oroof.com/tfdemos/whole/home-portfolio-masonry.html]
[7oroof.com/tfdemos/whole/home-portfolio-sidebar.html]
[7oroof.com/tfdemos/whole/home-portfolio-parallax.html]
[7oroof.com/tfdemos/whole/home-shop.html]
[7oroof.com/tfdemos/whole/home-portfolio-simple.html]
[7oroof.com/tfdemos/whole/home-left-menu.html]
[7oroof.com/tfdemos/whole/home-bordered.html]
[7oroof.com/tfdemos/whole/home-dark.html]
[7oroof.com/tfdemos/whole/page-about-us.html]
[7oroof.com/tfdemos/whole/page-who-we-are.html]
[7oroof.com/tfdemos/whole/page-meet-team.html]
[7oroof.com/tfdemos/whole/page-our-team.html]
[7oroof.com/tfdemos/whole/page-about-me.html]
[7oroof.com/tfdemos/whole/page-services.html]
[7oroof.com/tfdemos/whole/page-our-process.html]
[7oroof.com/tfdemos/whole/page-our-pricing.html]
[7oroof.com/tfdemos/whole/page-our-clients.html]
[7oroof.com/tfdemos/whole/page-faqs.html]
[7oroof.com/tfdemos/whole/page-contact.html]
[7oroof.com/tfdemos/whole/slider-rs-1.html]
[7oroof.com/tfdemos/whole/slider-rs-2.html]
[7oroof.com/tfdemos/whole/slider-rs-4.html]
[7oroof.com/tfdemos/whole/slider-rs-5.html]
[7oroof.com/tfdemos/whole/slider-rs-3.html]
[7oroof.com/tfdemos/whole/slider-rs-6.html]
[7oroof.com/tfdemos/whole/slider-rs-7.html]
[7oroof.com/tfdemos/whole/slider-rs-8.html]
[7oroof.com/tfdemos/whole/slider-1.html]
[7oroof.com/tfdemos/whole/slider-2.html]
[7oroof.com/tfdemos/whole/slider-3.html]
[7oroof.com/tfdemos/whole/slider-4.html]
[7oroof.com/tfdemos/whole/slider-5.html]
[7oroof.com/tfdemos/whole/slider-6.html]
[7oroof.com/tfdemos/whole/slider-7.html]
[7oroof.com/tfdemos/whole/slider-8.html]
[7oroof.com/tfdemos/whole/slider-9.html]
[7oroof.com/tfdemos/whole/slider-10.html]
[7oroof.com/tfdemos/whole/slider-11.html]
[7oroof.com/tfdemos/whole/header-20.html]
[7oroof.com/tfdemos/whole/header-21.html]
[7oroof.com/tfdemos/whole/header-1.html]
[7oroof.com/tfdemos/whole/header-3.html]
[7oroof.com/tfdemos/whole/header-2.html]
[7oroof.com/tfdemos/whole/header-4.html]
[7oroof.com/tfdemos/whole/header-5.html]
[7oroof.com/tfdemos/whole/header-6.html]
[7oroof.com/tfdemos/whole/header-11.html]
[7oroof.com/tfdemos/whole/header-12.html]
[7oroof.com/tfdemos/whole/header-13.html]
[7oroof.com/tfdemos/whole/header-10.html]
[7oroof.com/tfdemos/whole/header-15.html]
[7oroof.com/tfdemos/whole/header-16.html]
[7oroof.com/tfdemos/whole/header-19.html]
[7oroof.com/tfdemos/whole/header-7.html]
[7oroof.com/tfdemos/whole/header-17.html]
[7oroof.com/tfdemos/whole/header-18.html]
[7oroof.com/tfdemos/whole/header-8.html]
[7oroof.com/tfdemos/whole/header-9.html]
[7oroof.com/tfdemos/whole/header-14.html]
[7oroof.com/tfdemos/whole/footer-1.html]
[7oroof.com/tfdemos/whole/footer-2.html]
[7oroof.com/tfdemos/whole/footer-3.html]
[7oroof.com/tfdemos/whole/footer-4.html]
[7oroof.com/tfdemos/whole/footer-5.html]
[7oroof.com/tfdemos/whole/footer-6.html]
[7oroof.com/tfdemos/whole/page-title-1.html]
[7oroof.com/tfdemos/whole/page-title-2.html]
[7oroof.com/tfdemos/whole/page-title-3.html]
[7oroof.com/tfdemos/whole/page-title-4.html]
[7oroof.com/tfdemos/whole/page-title-5.html]
[7oroof.com/tfdemos/whole/page-title-6.html]
[7oroof.com/tfdemos/whole/page-title-7.html]
[7oroof.com/tfdemos/whole/page-title-8.html]
[7oroof.com/tfdemos/whole/page-title-9.html]
[7oroof.com/tfdemos/whole/page-title-10.html]
[7oroof.com/tfdemos/whole/page-title-11.html]
[7oroof.com/tfdemos/whole/page-title-12.html]
[7oroof.com/tfdemos/whole/page-title-13.html]
[7oroof.com/tfdemos/whole/page-title-14.html]
[7oroof.com/tfdemos/whole/page-title-15.html]
[7oroof.com/tfdemos/whole/page-title-16.html]
[7oroof.com/tfdemos/whole/page-title-17.html]
[7oroof.com/tfdemos/whole/elements-widgets.html]
[7oroof.com/tfdemos/whole/page-404.html]
[7oroof.com/tfdemos/whole/page-soon.html]
[7oroof.com/tfdemos/whole/page-layout-fullwidth.html]
[7oroof.com/tfdemos/whole/page-maintenance.html]
[7oroof.com/tfdemos/whole/page-layout-fullwidth-wide.html]
[7oroof.com/tfdemos/whole/page-layout-sidebar-right.html]
[7oroof.com/tfdemos/whole/page-layout-sidebar-left.html]
[7oroof.com/tfdemos/whole/page-layout-blank.html]
[7oroof.com/tfdemos/whole/landing.html]
[7oroof.com/tfdemos/whole/blog-carousel.html]
[7oroof.com/tfdemos/whole/blog-grid.html]
[7oroof.com/tfdemos/whole/blog-grid-sidebar-right.html]
[7oroof.com/tfdemos/whole/blog-grid-sidebar-left.html]
[7oroof.com/tfdemos/whole/blog-minimal.html]
[7oroof.com/tfdemos/whole/blog-minimal-sidebar-left.html]
[7oroof.com/tfdemos/whole/blog-minimal-sidebar-right.html]
[7oroof.com/tfdemos/whole/blog-standard-center.html]
[7oroof.com/tfdemos/whole/blog-standard-sidebar-left.html]
[7oroof.com/tfdemos/whole/blog-standard-sidebar-right.html]
[7oroof.com/tfdemos/whole/blog-single-center.html]
[7oroof.com/tfdemos/whole/blog-single-sidebar-left.html]
[7oroof.com/tfdemos/whole/blog-single-sidebar-right.html]
[7oroof.com/tfdemos/whole/portfolio-standard-2cols.html]
[7oroof.com/tfdemos/whole/portfolio-standard-3cols.html]
[7oroof.com/tfdemos/whole/portfolio-standard-4cols.html]
[7oroof.com/tfdemos/whole/portfolio-standard-4cols-wide.html]
[7oroof.com/tfdemos/whole/portfolio-standard-5cols-wide.html]
[7oroof.com/tfdemos/whole/portfolio-grid-2cols.html]
[7oroof.com/tfdemos/whole/portfolio-grid-3cols.html]
[7oroof.com/tfdemos/whole/portfolio-grid-4cols.html]
[7oroof.com/tfdemos/whole/portfolio-grid-4cols-sidebar.html]
[7oroof.com/tfdemos/whole/portfolio-gallery-3cols.html]
[7oroof.com/tfdemos/whole/portfolio-gallery-4cols.html]
[7oroof.com/tfdemos/whole/portfolio-gallery-4cols-wide.html]
[7oroof.com/tfdemos/whole/portfolio-pinterest-3cols.html]
[7oroof.com/tfdemos/whole/portfolio-gallery-5cols-wide.html]
[7oroof.com/tfdemos/whole/portfolio-pinterest-4cols-wide.html]
[7oroof.com/tfdemos/whole/portfolio-pinterest-5cols-wide.html]
[7oroof.com/tfdemos/whole/portfolio-pinterest-4cols.html]
[7oroof.com/tfdemos/whole/portfolio-masonry-grid.html]
[7oroof.com/tfdemos/whole/portfolio-masonry-spaced.html]
[7oroof.com/tfdemos/whole/portfolio-masonry-wide.html]
[7oroof.com/tfdemos/whole/portfolio-parallax.html]
[7oroof.com/tfdemos/whole/portfolio-slider.html]
[7oroof.com/tfdemos/whole/portfolio-single-small-images.html]
[7oroof.com/tfdemos/whole/portfolio-single-big-images.html]
[7oroof.com/tfdemos/whole/portfolio-single-small-slider.html]
[7oroof.com/tfdemos/whole/portfolio-single-big-slider.html]
[7oroof.com/tfdemos/whole/portfolio-single-gallery.html]
[7oroof.com/tfdemos/whole/portfolio-single-small-masonry.html]
[7oroof.com/tfdemos/whole/portfolio-single-big-masonry.html]
[7oroof.com/tfdemos/whole/portfolio-single-small-pinterest.html]
[7oroof.com/tfdemos/whole/portfolio-single-big-pinterest.html]
[7oroof.com/tfdemos/whole/shop-3columns.html]
[7oroof.com/tfdemos/whole/shop-4columns.html]
[7oroof.com/tfdemos/whole/shop-single.html]
[7oroof.com/tfdemos/whole/shop-cart.html]
[7oroof.com/tfdemos/whole/elements-testimonials.html]
[7oroof.com/tfdemos/whole/shop-products.html]
[7oroof.com/tfdemos/whole/elements-blockquotes.html]
[7oroof.com/tfdemos/whole/elements-video-buttons.html]
[7oroof.com/tfdemos/whole/elements-clients.html]
[7oroof.com/tfdemos/whole/elements-clients-carousel.html]
[7oroof.com/tfdemos/whole/elements-post-carousel.html]
[7oroof.com/tfdemos/whole/elements-portfolio.html]
[7oroof.com/tfdemos/whole/elements-interactive-banners.html]
[7oroof.com/tfdemos/whole/elements-accordion.html]
[7oroof.com/tfdemos/whole/elements-buttons.html]
[7oroof.com/tfdemos/whole/elements-cta.html]
[7oroof.com/tfdemos/whole/elements-contact-form.html]
[7oroof.com/tfdemos/whole/elements-team.html]
[7oroof.com/tfdemos/whole/elements-tabs.html]
[7oroof.com/tfdemos/whole/elements-newsletter.html]
[7oroof.com/tfdemos/whole/elements-maps.html]
[7oroof.com/tfdemos/whole/elements-counter-down.html]
[7oroof.com/tfdemos/whole/elements-counters.html]
[7oroof.com/tfdemos/whole/elements-number-process.html]
[7oroof.com/tfdemos/whole/elements-pricing.html]
[7oroof.com/tfdemos/whole/elements-pie-charts.html]
[7oroof.com/tfdemos/whole/elements-list.html]
[7oroof.com/tfdemos/whole/elements-progress-bars.html]
[7oroof.com/tfdemos/whole/elements-work-process.html]
[7oroof.com/tfdemos/whole/elements-typed-out.html]
[7oroof.com/tfdemos/whole/elements-heading.html]
[7oroof.com/tfdemos/whole/elements-columns-grids.html]
[7oroof.com/tfdemos/whole/elements-timeline.html]
[7oroof.com/tfdemos/whole/elements-navigation.html]
[7oroof.com/tfdemos/whole/elements-messages.html]
[7oroof.com/tfdemos/whole/elements-icon-text.html]
[7oroof.com/tfdemos/whole/elements-media.html]
[7oroof.com/tfdemos/whole/elements-typography.html]
[7oroof.com/tfdemos/whole/assets/images/shop/thumb/6.jpg]
[7oroof.com/tfdemos/whole/assets/images/shop/thumb/7.jpg]
[7oroof.com/tfdemos/whole/elements-tables.html]
[7oroof.com/tfdemos/whole/assets/images/blog/thumb/1.jpg]
[7oroof.com/tfdemos/whole/assets/images/blog/thumb/2.jpg]
[7oroof.com/tfdemos/whole/assets/images/sliders/slide-bg/1.jpg]
[7oroof.com/tfdemos/whole/assets/images/sliders/slide-bg/2.jpg]
[7oroof.com/tfdemos/whole/assets/images/sliders/slide-bg/3.jpg]
[7oroof.com/tfdemos/whole/assets/images/heading/heading-icon.png]
[7oroof.com/tfdemos/whole/assets/images/portfolio/grid/3col/1.jpg]
[7oroof.com/tfdemos/whole/assets/images/portfolio/grid/3col/2.jpg]
[7oroof.com/tfdemos/whole/assets/images/portfolio/grid/3col/3.jpg]
[7oroof.com/tfdemos/whole/assets/images/portfolio/grid/3col/4.jpg]
[7oroof.com/tfdemos/whole/assets/images/portfolio/grid/3col/5.jpg]
[7oroof.com/tfdemos/whole/assets/images/portfolio/grid/3col/6.jpg]
[7oroof.com/tfdemos/whole/assets/images/portfolio/grid/3col/7.jpg]
[7oroof.com/tfdemos/whole/assets/images/portfolio/grid/3col/8.jpg]
[7oroof.com/tfdemos/whole/assets/images/testimonial/1.png]
[7oroof.com/tfdemos/whole/assets/images/testimonial/2.png]
[7oroof.com/tfdemos/whole/assets/images/testimonial/3.png]
[7oroof.com/tfdemos/whole/assets/images/testimonial/4.png]
[7oroof.com/tfdemos/whole/assets/images/banners/1.jpg]
[7oroof.com/tfdemos/whole/assets/images/banners/2.jpg]
[7oroof.com/tfdemos/whole/assets/images/banners/4.jpg]
[7oroof.com/tfdemos/whole/assets/images/banners/5.jpg]
[7oroof.com/tfdemos/whole/assets/images/banners/6.jpg]
[7oroof.com/tfdemos/whole/assets/images/counter/counter-1.jpg]
[7oroof.com/tfdemos/whole/assets/images/team/grid/1.jpg]
[7oroof.com/tfdemos/whole/assets/images/team/grid/2.jpg]
[7oroof.com/tfdemos/whole/assets/images/team/grid/3.jpg]
[7oroof.com/tfdemos/whole/assets/images/team/grid/4.jpg]
[7oroof.com/tfdemos/whole/assets/images/blog/grid/1.jpg]
[7oroof.com/tfdemos/whole/assets/images/blog/grid/2.jpg]
[7oroof.com/tfdemos/whole/assets/images/blog/grid/3.jpg]
[7oroof.com/tfdemos/whole/assets/images/blog/grid/4.jpg]
[7oroof.com/tfdemos/whole/assets/images/blog/grid/6.jpg]
[7oroof.com/tfdemos/whole/assets/images/blog/grid/7.jpg]
[7oroof.com/tfdemos/whole/assets/images/blog/grid/8.jpg]
[7oroof.com/tfdemos/whole/assets/images/blog/grid/9.jpg]
[7oroof.com/tfdemos/whole/assets/images/clients/1.png]
[7oroof.com/tfdemos/whole/assets/images/clients/2.png]
[7oroof.com/tfdemos/whole/assets/images/clients/3.png]
[7oroof.com/tfdemos/whole/assets/images/clients/4.png]
[7oroof.com/tfdemos/whole/assets/images/clients/5.png]
[7oroof.com/tfdemos/whole/assets/images/clients/6.png]
[7oroof.com/tfdemos/whole/assets/js/jquery-2.2.4.min.js]
[7oroof.com/tfdemos/whole/assets/js/plugins.js]
[7oroof.com/tfdemos/whole/assets/js/functions.js]
[7oroof.com/tfdemos/whole/assets/revolution/js/jquery.themepunch.tools.min838f.js]
[7oroof.com/tfdemos/whole/assets/revolution/js/jquery.themepunch.revolution.min838f.js]
[7oroof.com/tfdemos/whole/assets/revolution/js/extensions/revolution.extension.video.min.js]
[7oroof.com/tfdemos/whole/assets/revolution/js/extensions/revolution.extension.slideanims.min.js]
[7oroof.com/tfdemos/whole/assets/revolution/js/extensions/revolution.extension.actions.min.js]
[7oroof.com/tfdemos/whole/assets/revolution/js/extensions/revolution.extension.layeranimation.min.js]
[7oroof.com/tfdemos/whole/assets/revolution/js/extensions/revolution.extension.kenburn.min.js]
[7oroof.com/tfdemos/whole/assets/revolution/js/extensions/revolution.extension.navigation.min.js]
[7oroof.com/tfdemos/whole/assets/revolution/js/extensions/revolution.extension.migration.min.js]
[7oroof.com/tfdemos/whole/assets/revolution/js/extensions/revolution.extension.parallax.min.js]
[7oroof.com/tfdemos/whole/assets/js/rsconfig.js]
[7oroof.com/tfdemos/whole/index.html]
[7oroof.com/tfdemos/whole/assets/images/favicon/favicon.html]
[7oroof.com/tfdemos/whole/assets/fonts/fontawesome-webfont5b62.eot]
[7oroof.com/tfdemos/whole/assets/fonts/fontawesome-webfontd41d.eot]
[7oroof.com/tfdemos/whole/assets/fonts/fontawesome-webfont5b62.woff]
[7oroof.com/tfdemos/whole/assets/fonts/fontawesome-webfont5b62.ttf]
[7oroof.com/tfdemos/whole/assets/css/fonts/Linearicons-Free54e9.eot]
[7oroof.com/tfdemos/whole/assets/css/fonts/Linearicons-Freed41d.eot]
[7oroof.com/tfdemos/whole/assets/css/fonts/Linearicons-Free54e9.woff]
[7oroof.com/tfdemos/whole/assets/css/fonts/Linearicons-Free54e9.ttf]
[7oroof.com/tfdemos/whole/assets/css/external.css]
[7oroof.com/tfdemos/whole/assets/css/bootstrap.min.css]
[7oroof.com/tfdemos/whole/assets/images/testimonial/icon.png]
[7oroof.com/tfdemos/whole/assets/images/icons/zoom.png]
[7oroof.com/tfdemos/whole/assets/images/background/patterns/wood-dark.jpg]
[7oroof.com/tfdemos/whole/assets/css/style.css]
[7oroof.com/tfdemos/whole/assets/revolution/fonts/revicons/revicons90c6.eot]
[7oroof.com/tfdemos/whole/assets/revolution/fonts/revicons/revicons90c6.woff]
[7oroof.com/tfdemos/whole/assets/revolution/fonts/revicons/revicons90c6.ttf]
[7oroof.com/tfdemos/whole/assets/revolution/assets/gridtile.png]
[7oroof.com/tfdemos/whole/assets/revolution/assets/gridtile_white.png]
[7oroof.com/tfdemos/whole/assets/revolution/assets/gridtile_3x3.png]
[7oroof.com/tfdemos/whole/assets/revolution/assets/gridtile_3x3_white.png]
[7oroof.com/tfdemos/whole/assets/revolution/assets/coloredbg.png]
[7oroof.com/tfdemos/whole/assets/revolution/assets/loader.gif]
[7oroof.com/tfdemos/whole/assets/revolution/css/settings.css]
[7oroof.com/tfdemos/whole/assets/revolution/css/layers.css]
[7oroof.com/tfdemos/whole/assets/revolution/css/navigation.css]
[7oroof.com/tfdemos/whole/assets/images/sliders/slide-bg/4.jpg]
[7oroof.com/tfdemos/whole/assets/images/sliders/slide-bg/5.jpg]
[7oroof.com/tfdemos/whole/assets/images/portfolio/masonry/4col/1.jpg]
[7oroof.com/tfdemos/whole/assets/images/portfolio/masonry/4col/2.jpg]
[7oroof.com/tfdemos/whole/assets/images/portfolio/masonry/4col/33.jpg]
[7oroof.com/tfdemos/whole/assets/images/portfolio/masonry/4col/4.jpg]
[7oroof.com/tfdemos/whole/assets/images/portfolio/masonry/4col/5.jpg]
[7oroof.com/tfdemos/whole/assets/images/portfolio/masonry/4col/66.jpg]
[7oroof.com/tfdemos/whole/assets/images/portfolio/masonry/4col/7.jpg]
[7oroof.com/tfdemos/whole/assets/images/portfolio/masonry/4col/8.jpg]
[7oroof.com/tfdemos/whole/assets/images/portfolio/masonry/4col/9.jpg]
[7oroof.com/tfdemos/whole/assets/images/portfolio/masonry/4col/10.jpg]
[7oroof.com/tfdemos/whole/assets/images/portfolio/masonry/4col/11.jpg]
[7oroof.com/tfdemos/whole/assets/images/portfolio/masonry/4col/12.jpg]
[7oroof.com/tfdemos/whole/home-agency.html]
[7oroof.com/tfdemos/whole/assets/images/banners/3.jpg]
[7oroof.com/tfdemos/whole/assets/images/team/grid/5.jpg]
[7oroof.com/tfdemos/whole/assets/images/team/grid/6.jpg]
[7oroof.com/tfdemos/whole/assets/images/team/grid/7.jpg]
[7oroof.com/tfdemos/whole/assets/images/team/grid/8.jpg]
[7oroof.com/tfdemos/whole/assets/js/plugins/jquery.gmap.min.js]
[7oroof.com/tfdemos/whole/home-business.html]
[7oroof.com/tfdemos/whole/assets/images/sliders/slide-bg/7.jpg]
[7oroof.com/tfdemos/whole/assets/images/sliders/slide-bg/6.jpg]
[7oroof.com/tfdemos/whole/assets/images/background/bg-7.jpg]
[7oroof.com/tfdemos/whole/home-corporate.html]
[7oroof.com/tfdemos/whole/assets/images/devices/1.jpg]
[7oroof.com/tfdemos/whole/assets/images/cta/cta-1.jpg]
[7oroof.com/tfdemos/whole/home-company.html]
[7oroof.com/tfdemos/whole/assets/images/portfolio/masonry/4col/3.jpg]
[7oroof.com/tfdemos/whole/assets/images/portfolio/masonry/4col/6.jpg]
[7oroof.com/tfdemos/whole/assets/images/clients/7.png]
[7oroof.com/tfdemos/whole/assets/images/clients/8.png]
[7oroof.com/tfdemos/whole/assets/images/clients/9.png]
[7oroof.com/tfdemos/whole/assets/images/clients/10.png]
[7oroof.com/tfdemos/whole/assets/images/clients/11.png]
[7oroof.com/tfdemos/whole/assets/images/clients/12.png]
[7oroof.com/tfdemos/whole/assets/images/clients/13.png]
[7oroof.com/tfdemos/whole/assets/images/clients/14.png]
[7oroof.com/tfdemos/whole/assets/images/process/process-1.png]
[7oroof.com/tfdemos/whole/assets/images/process/process-2.png]
[7oroof.com/tfdemos/whole/assets/images/process/process-3.png]
[7oroof.com/tfdemos/whole/assets/images/process/process-4.png]
[7oroof.com/tfdemos/whole/home-studio.html]
[7oroof.com/tfdemos/whole/assets/images/favicon/favicon.png]
[7oroof.com/tfdemos/whole/assets/images/logo/logo-wide.png]
[7oroof.com/tfdemos/whole/assets/images/sliders/slide-bg/8.jpg]
[7oroof.com/tfdemos/whole/home-small-business.html]
[7oroof.com/tfdemos/whole/assets/images/banners/7.jpg]
[7oroof.com/tfdemos/whole/home-split.html]
[7oroof.com/tfdemos/whole/home-creative.html]
[7oroof.com/tfdemos/whole/assets/images/portfolio/standard/2col/1.jpg]
[7oroof.com/tfdemos/whole/assets/images/portfolio/full/1.jpg]
[7oroof.com/tfdemos/whole/assets/images/portfolio/standard/2col/2.jpg]
[7oroof.com/tfdemos/whole/assets/images/portfolio/full/2.jpg]
[7oroof.com/tfdemos/whole/assets/images/portfolio/standard/2col/3.jpg]
[7oroof.com/tfdemos/whole/assets/images/portfolio/full/3.jpg]
[7oroof.com/tfdemos/whole/assets/images/portfolio/standard/2col/4.jpg]
[7oroof.com/tfdemos/whole/assets/images/portfolio/full/4.jpg]
[7oroof.com/tfdemos/whole/assets/images/portfolio/standard/2col/5.jpg]
[7oroof.com/tfdemos/whole/assets/images/portfolio/full/5.jpg]
[7oroof.com/tfdemos/whole/assets/images/portfolio/standard/2col/6.jpg]
[7oroof.com/tfdemos/whole/assets/images/portfolio/full/6.jpg]
[7oroof.com/tfdemos/whole/home-personal.html]
[7oroof.com/tfdemos/whole/assets/images/portfolio/pinterest/3col/1.jpg]
[7oroof.com/tfdemos/whole/assets/images/portfolio/pinterest/3col/2.jpg]
[7oroof.com/tfdemos/whole/assets/images/portfolio/pinterest/3col/3.jpg]
[7oroof.com/tfdemos/whole/assets/images/portfolio/pinterest/3col/4.jpg]
[7oroof.com/tfdemos/whole/assets/images/portfolio/pinterest/3col/5.jpg]
[7oroof.com/tfdemos/whole/assets/images/portfolio/pinterest/3col/6.jpg]
[7oroof.com/tfdemos/whole/assets/images/portfolio/pinterest/3col/7.jpg]
[7oroof.com/tfdemos/whole/assets/images/portfolio/full/7.jpg]
[7oroof.com/tfdemos/whole/assets/images/portfolio/pinterest/3col/8.jpg]
[7oroof.com/tfdemos/whole/assets/images/portfolio/full/8.jpg]
[7oroof.com/tfdemos/whole/assets/images/portfolio/pinterest/3col/9.jpg]
[7oroof.com/tfdemos/whole/assets/images/portfolio/full/9.jpg]
[7oroof.com/tfdemos/whole/assets/images/portfolio/pinterest/3col/10.jpg]
[7oroof.com/tfdemos/whole/assets/images/portfolio/full/10.jpg]
[7oroof.com/tfdemos/whole/assets/images/portfolio/pinterest/3col/11.jpg]
[7oroof.com/tfdemos/whole/assets/images/portfolio/full/11.jpg]
[7oroof.com/tfdemos/whole/assets/images/portfolio/pinterest/3col/12.jpg]
[7oroof.com/tfdemos/whole/assets/images/portfolio/full/12.jpg]
[7oroof.com/tfdemos/whole/home-portfolio-pinterest.html]
[7oroof.com/tfdemos/whole/home-portfolio-gallery.html]
[7oroof.com/tfdemos/whole/home-portfolio-masonry.html]
[7oroof.com/tfdemos/whole/page-about-us-2.html]
[7oroof.com/tfdemos/whole/portfolio-standard-2cols-2.html]
[7oroof.com/tfdemos/whole/shop-3columns-2.html]
[7oroof.com/tfdemos/whole/slider-12.html]
[7oroof.com/tfdemos/whole/assets/images/portfolio/grid/3col/9.jpg]
[7oroof.com/tfdemos/whole/assets/images/portfolio/grid/3col/10.jpg]
[7oroof.com/tfdemos/whole/assets/images/portfolio/grid/3col/11.jpg]
[7oroof.com/tfdemos/whole/assets/images/portfolio/grid/3col/12.jpg]
[7oroof.com/tfdemos/whole/home-portfolio-sidebar.html]
[7oroof.com/tfdemos/whole/assets/images/sliders/slide-bg/9.jpg]
[7oroof.com/tfdemos/whole/assets/images/sliders/slide-bg/10.jpg]
[7oroof.com/tfdemos/whole/assets/images/sliders/slide-bg/11.jpg]
[7oroof.com/tfdemos/whole/home-portfolio-simple.html]
[7oroof.com/tfdemos/whole/assets/images/portfolio/parallax/1.jpg]
[7oroof.com/tfdemos/whole/assets/images/portfolio/parallax/2.jpg]
[7oroof.com/tfdemos/whole/assets/images/portfolio/parallax/3.jpg]
[7oroof.com/tfdemos/whole/assets/images/portfolio/parallax/5.jpg]
[7oroof.com/tfdemos/whole/home-portfolio-parallax.html]
[7oroof.com/tfdemos/whole/assets/images/sliders/slide-bg/12.jpg]
[7oroof.com/tfdemos/whole/assets/images/sliders/slide-bg/13.jpg]
[7oroof.com/tfdemos/whole/assets/images/sliders/slide-bg/14.jpg]
[7oroof.com/tfdemos/whole/assets/images/shop/grid/1.jpg]
[7oroof.com/tfdemos/whole/assets/images/shop/grid/2.jpg]
[7oroof.com/tfdemos/whole/assets/images/shop/grid/3.jpg]
[7oroof.com/tfdemos/whole/assets/images/shop/grid/4.jpg]
[7oroof.com/tfdemos/whole/assets/images/shop/grid/5.jpg]
[7oroof.com/tfdemos/whole/assets/images/shop/grid/6.jpg]
[7oroof.com/tfdemos/whole/assets/images/shop/grid/7.jpg]
[7oroof.com/tfdemos/whole/assets/images/shop/grid/8.jpg]
[7oroof.com/tfdemos/whole/assets/images/shop/grid/9.jpg]
[7oroof.com/tfdemos/whole/assets/images/shop/grid/10.jpg]
[7oroof.com/tfdemos/whole/assets/images/shop/grid/11.jpg]
[7oroof.com/tfdemos/whole/assets/images/shop/grid/12.jpg]
[7oroof.com/tfdemos/whole/assets/images/shop/thumb/3.jpg]
[7oroof.com/tfdemos/whole/assets/images/shop/thumb/4.jpg]
[7oroof.com/tfdemos/whole/assets/images/shop/thumb/5.jpg]
[7oroof.com/tfdemos/whole/home-shop.html]
[7oroof.com/tfdemos/whole/home-left-menu.html]
[7oroof.com/tfdemos/whole/home-bordered.html]
[7oroof.com/tfdemos/whole/assets/images/heading/heading-icon-theme.png]
[7oroof.com/tfdemos/whole/home-dark.html]
[7oroof.com/tfdemos/whole/assets/images/page-title/title-2.jpg]
[7oroof.com/tfdemos/whole/page-about-us.html]
[7oroof.com/tfdemos/whole/assets/images/page-title/title-3.jpg]
[7oroof.com/tfdemos/whole/page-who-we-are.html]
[7oroof.com/tfdemos/whole/assets/images/page-title/title-4.jpg]
[7oroof.com/tfdemos/whole/assets/images/team/grid/9.jpg]
[7oroof.com/tfdemos/whole/assets/images/team/grid/10.jpg]
[7oroof.com/tfdemos/whole/assets/images/team/grid/11.jpg]
[7oroof.com/tfdemos/whole/assets/images/team/grid/12.jpg]
[7oroof.com/tfdemos/whole/page-meet-team.html]
[7oroof.com/tfdemos/whole/assets/images/page-title/title-5.jpg]
[7oroof.com/tfdemos/whole/page-our-team.html]
[7oroof.com/tfdemos/whole/assets/images/page-title/title-6.jpg]
[7oroof.com/tfdemos/whole/page-about-me.html]
[7oroof.com/tfdemos/whole/page-services.html]
[7oroof.com/tfdemos/whole/assets/images/page-title/title-9.jpg]
[7oroof.com/tfdemos/whole/page-our-process.html]
[7oroof.com/tfdemos/whole/page-our-pricing.html]
[7oroof.com/tfdemos/whole/assets/images/page-title/title-29.jpg]
[7oroof.com/tfdemos/whole/page-our-clients.html]
[7oroof.com/tfdemos/whole/assets/images/page-title/title-30.jpg]
[7oroof.com/tfdemos/whole/page-faqs.html]
[7oroof.com/tfdemos/whole/assets/images/page-title/title-18.jpg]
[7oroof.com/tfdemos/whole/page-contact.html]
[7oroof.com/tfdemos/whole/slider-rs-1.html]
[7oroof.com/tfdemos/whole/slider-rs-2.html]
[7oroof.com/tfdemos/whole/slider-rs-3.html]
[7oroof.com/tfdemos/whole/slider-rs-4.html]
[7oroof.com/tfdemos/whole/slider-rs-5.html]
[7oroof.com/tfdemos/whole/slider-rs-6.html]
[7oroof.com/tfdemos/whole/slider-rs-7.html]
[7oroof.com/tfdemos/whole/slider-rs-8.html]
[7oroof.com/tfdemos/whole/slider-1.html]
[7oroof.com/tfdemos/whole/slider-2.html]
[7oroof.com/tfdemos/whole/slider-3.html]
[7oroof.com/tfdemos/whole/slider-4.html]
[7oroof.com/tfdemos/whole/slider-5.html]
[7oroof.com/tfdemos/whole/slider-6.html]
[7oroof.com/tfdemos/whole/slider-7.html]
[7oroof.com/tfdemos/whole/slider-8.html]
[7oroof.com/tfdemos/whole/slider-9.html]
[7oroof.com/tfdemos/whole/slider-10.html]
[7oroof.com/tfdemos/whole/slider-11.html]
[7oroof.com/tfdemos/whole/assets/images/page-title/title-1.jpg]
[7oroof.com/tfdemos/whole/header-20.html]
[7oroof.com/tfdemos/whole/header-21.html]
[7oroof.com/tfdemos/whole/header-1.html]
[7oroof.com/tfdemos/whole/header-2.html]
[7oroof.com/tfdemos/whole/header-3.html]
[7oroof.com/tfdemos/whole/header-4.html]
[7oroof.com/tfdemos/whole/header-5.html]
[7oroof.com/tfdemos/whole/header-6.html]
[7oroof.com/tfdemos/whole/header-11.html]
[7oroof.com/tfdemos/whole/header-12.html]
[7oroof.com/tfdemos/whole/elements-widget.html]
[7oroof.com/tfdemos/whole/header-13.html]
[7oroof.com/tfdemos/whole/header-10.html]
[7oroof.com/tfdemos/whole/header-15.html]
[7oroof.com/tfdemos/whole/header-16.html]
[7oroof.com/tfdemos/whole/header-19.html]
[7oroof.com/tfdemos/whole/header-7.html]
[7oroof.com/tfdemos/whole/header-17.html]
[7oroof.com/tfdemos/whole/header-18.html]
[7oroof.com/tfdemos/whole/header-8.html]
[7oroof.com/tfdemos/whole/header-9.html]
[7oroof.com/tfdemos/whole/header-14.html]
[7oroof.com/tfdemos/whole/footer-1.html]
[7oroof.com/tfdemos/whole/footer-2.html]
[7oroof.com/tfdemos/whole/footer-3.html]
[7oroof.com/tfdemos/whole/assets/images/page-title/title-32.jpg]
[7oroof.com/tfdemos/whole/footer-4.html]
[7oroof.com/tfdemos/whole/footer-5.html]
[7oroof.com/tfdemos/whole/footer-6.html]
[7oroof.com/tfdemos/whole/page-title-1.html]
[7oroof.com/tfdemos/whole/page-title-2.html]
[7oroof.com/tfdemos/whole/page-title-3.html]
[7oroof.com/tfdemos/whole/page-title-4.html]
[7oroof.com/tfdemos/whole/page-title-5.html]
[7oroof.com/tfdemos/whole/page-title-6.html]
[7oroof.com/tfdemos/whole/page-title-7.html]
[7oroof.com/tfdemos/whole/page-title-8.html]
[7oroof.com/tfdemos/whole/page-title-9.html]
[7oroof.com/tfdemos/whole/page-title-10.html]
[7oroof.com/tfdemos/whole/page-title-11.html]
[7oroof.com/tfdemos/whole/assets/images/page-title/title-8.jpg]
[7oroof.com/tfdemos/whole/page-title-12.html]
[7oroof.com/tfdemos/whole/page-title-13.html]
[7oroof.com/tfdemos/whole/assets/images/page-title/title-15.jpg]
[7oroof.com/tfdemos/whole/page-title-14.html]
[7oroof.com/tfdemos/whole/assets/images/page-title/title-16.jpg]
[7oroof.com/tfdemos/whole/page-title-15.html]
[7oroof.com/tfdemos/whole/assets/images/page-title/title-17.jpg]
[7oroof.com/tfdemos/whole/page-title-16.html]
[7oroof.com/tfdemos/whole/assets/images/page-title/title-21.jpg]
[7oroof.com/tfdemos/whole/page-title-17.html]
[7oroof.com/tfdemos/whole/assets/images/shop/thumb/1.jpg]
[7oroof.com/tfdemos/whole/assets/images/shop/thumb/2.jpg]
[7oroof.com/tfdemos/whole/elements-widgets.html]
[7oroof.com/tfdemos/whole/assets/images/page-title/title-31.jpg]
[7oroof.com/tfdemos/whole/page-404.html]
[7oroof.com/tfdemos/whole/assets/images/page-title/title-19.jpg]
[7oroof.com/tfdemos/whole/page-soon.html]
[7oroof.com/tfdemos/whole/page-maintenance.html]
[7oroof.com/tfdemos/whole/page-layout-fullwidth.html]
[7oroof.com/tfdemos/whole/page-layout-fullwidth-wide.html]
[7oroof.com/tfdemos/whole/page-layout-sidebar-right.html]
[7oroof.com/tfdemos/whole/page-layout-sidebar-left.html]
[7oroof.com/tfdemos/whole/page-layout-blank.html]
[7oroof.com/tfdemos/whole/assets/images/landing/1.jpg]
[7oroof.com/tfdemos/whole/assets/images/landing/demos/1.jpg]
[7oroof.com/tfdemos/whole/assets/images/landing/demos/2.jpg]
[7oroof.com/tfdemos/whole/assets/images/landing/demos/3.jpg]
[7oroof.com/tfdemos/whole/assets/images/landing/demos/4.jpg]
[7oroof.com/tfdemos/whole/assets/images/landing/demos/5.jpg]
[7oroof.com/tfdemos/whole/assets/images/landing/demos/6.jpg]
[7oroof.com/tfdemos/whole/assets/images/landing/demos/7.jpg]
[7oroof.com/tfdemos/whole/assets/images/landing/demos/8.jpg]
[7oroof.com/tfdemos/whole/assets/images/landing/demos/9.jpg]
[7oroof.com/tfdemos/whole/assets/images/landing/demos/10.jpg]
[7oroof.com/tfdemos/whole/assets/images/landing/demos/11.jpg]
[7oroof.com/tfdemos/whole/assets/images/landing/demos/12.jpg]
[7oroof.com/tfdemos/whole/assets/images/landing/demos/13.jpg]
[7oroof.com/tfdemos/whole/assets/images/landing/demos/14.jpg]
[7oroof.com/tfdemos/whole/assets/images/landing/demos/15.jpg]
[7oroof.com/tfdemos/whole/assets/images/landing/demos/16.jpg]
[7oroof.com/tfdemos/whole/assets/images/landing/demos/17.jpg]
[7oroof.com/tfdemos/whole/assets/images/landing/demos/18.jpg]
[7oroof.com/tfdemos/whole/assets/images/landing/demos/19.jpg]
[7oroof.com/tfdemos/whole/assets/images/landing/demos/20.jpg]
[7oroof.com/tfdemos/whole/home-boxed.html]
[7oroof.com/tfdemos/whole/assets/images/landing/demos/21.jpg]
[7oroof.com/tfdemos/whole/home-rtl.html]
[7oroof.com/tfdemos/whole/assets/images/landing/demos/22.jpg]
[7oroof.com/tfdemos/whole/assets/images/landing/demos/footer.jpg]
[7oroof.com/tfdemos/whole/landing.html]
[7oroof.com/tfdemos/whole/assets/images/page-title/title-23.jpg]
[7oroof.com/tfdemos/whole/blog-carousel.html]
[7oroof.com/tfdemos/whole/assets/images/page-title/title-22.jpg]
[7oroof.com/tfdemos/whole/blog-grid.html]
[7oroof.com/tfdemos/whole/blog-grid-sidebar-left.html]
[7oroof.com/tfdemos/whole/blog-grid-sidebar-right.html]
[7oroof.com/tfdemos/whole/blog-minimal.html]
[7oroof.com/tfdemos/whole/blog-minimal-sidebar-left.html]
[7oroof.com/tfdemos/whole/blog-minimal-sidebar-right.html]
[7oroof.com/tfdemos/whole/assets/images/page-title/title-25.jpg]
[7oroof.com/tfdemos/whole/assets/images/blog/standard/1.jpg]
[7oroof.com/tfdemos/whole/assets/images/blog/standard/2.jpg]
[7oroof.com/tfdemos/whole/assets/images/blog/standard/3.jpg]
[7oroof.com/tfdemos/whole/blog-standard-center.html]
[7oroof.com/tfdemos/whole/blog-standard-sidebar-left.html]
[7oroof.com/tfdemos/whole/blog-standard-sidebar-right.html]
[7oroof.com/tfdemos/whole/assets/images/team/thumb/1.jpg]
[7oroof.com/tfdemos/whole/assets/images/blog/small/1.jpg]
[7oroof.com/tfdemos/whole/assets/images/blog/small/2.jpg]
[7oroof.com/tfdemos/whole/assets/images/blog/small/3.jpg]
[7oroof.com/tfdemos/whole/assets/images/team/thumb/2.png]
[7oroof.com/tfdemos/whole/assets/images/team/thumb/3.png]
[7oroof.com/tfdemos/whole/blog-single-center.html]
[7oroof.com/tfdemos/whole/blog-single-sidebar-left.html]
[7oroof.com/tfdemos/whole/blog-single-sidebar-right.html]
[7oroof.com/tfdemos/whole/assets/images/portfolio/standard/2col/7.jpg]
[7oroof.com/tfdemos/whole/assets/images/portfolio/standard/2col/8.jpg]
[7oroof.com/tfdemos/whole/assets/images/portfolio/standard/2col/9.jpg]
[7oroof.com/tfdemos/whole/assets/images/portfolio/standard/2col/10.jpg]
[7oroof.com/tfdemos/whole/portfolio-standard-2cols.html]
[7oroof.com/tfdemos/whole/portfolio-standard-3cols.html]
[7oroof.com/tfdemos/whole/assets/images/portfolio/standard/2col/11.jpg]
[7oroof.com/tfdemos/whole/assets/images/portfolio/standard/2col/12.jpg]
[7oroof.com/tfdemos/whole/portfolio-standard-4cols.html]
[7oroof.com/tfdemos/whole/portfolio-standard-4cols-wide.html]
[7oroof.com/tfdemos/whole/portfolio-standard-5cols-wide.html]
[7oroof.com/tfdemos/whole/assets/images/page-title/title-28.jpg]
[7oroof.com/tfdemos/whole/assets/images/portfolio/grid/2col/1.jpg]
[7oroof.com/tfdemos/whole/assets/images/portfolio/grid/2col/2.jpg]
[7oroof.com/tfdemos/whole/assets/images/portfolio/grid/2col/3.jpg]
[7oroof.com/tfdemos/whole/assets/images/portfolio/grid/2col/4.jpg]
[7oroof.com/tfdemos/whole/assets/images/portfolio/grid/2col/5.jpg]
[7oroof.com/tfdemos/whole/assets/images/portfolio/grid/2col/6.jpg]
[7oroof.com/tfdemos/whole/assets/images/portfolio/grid/2col/7.jpg]
[7oroof.com/tfdemos/whole/assets/images/portfolio/grid/2col/8.jpg]
[7oroof.com/tfdemos/whole/portfolio-grid-2cols.html]
[7oroof.com/tfdemos/whole/portfolio-grid-3cols.html]
[7oroof.com/tfdemos/whole/assets/images/portfolio/grid/4col/1.jpg]
[7oroof.com/tfdemos/whole/assets/images/portfolio/grid/4col/2.jpg]
[7oroof.com/tfdemos/whole/assets/images/portfolio/grid/4col/3.jpg]
[7oroof.com/tfdemos/whole/assets/images/portfolio/grid/4col/4.jpg]
[7oroof.com/tfdemos/whole/assets/images/portfolio/grid/4col/5.jpg]
[7oroof.com/tfdemos/whole/assets/images/portfolio/grid/4col/6.jpg]
[7oroof.com/tfdemos/whole/assets/images/portfolio/grid/4col/7.jpg]
[7oroof.com/tfdemos/whole/assets/images/portfolio/grid/4col/8.jpg]
[7oroof.com/tfdemos/whole/assets/images/portfolio/grid/4col/9.jpg]
[7oroof.com/tfdemos/whole/assets/images/portfolio/grid/4col/10.jpg]
[7oroof.com/tfdemos/whole/assets/images/portfolio/grid/4col/11.jpg]
[7oroof.com/tfdemos/whole/assets/images/portfolio/grid/4col/12.jpg]
[7oroof.com/tfdemos/whole/assets/images/portfolio/grid/4col/13.jpg]
[7oroof.com/tfdemos/whole/assets/images/portfolio/grid/4col/14.jpg]
[7oroof.com/tfdemos/whole/assets/images/portfolio/grid/4col/15.jpg]
[7oroof.com/tfdemos/whole/assets/images/portfolio/grid/4col/16.jpg]
[7oroof.com/tfdemos/whole/portfolio-grid-4cols.html]
[7oroof.com/tfdemos/whole/portfolio-grid-4cols-sidebar.html]
[7oroof.com/tfdemos/whole/assets/images/page-title/title-27.jpg]
[7oroof.com/tfdemos/whole/assets/images/portfolio/gallery/3col/1.jpg]
[7oroof.com/tfdemos/whole/assets/images/portfolio/gallery/3col/2.jpg]
[7oroof.com/tfdemos/whole/assets/images/portfolio/gallery/3col/3.jpg]
[7oroof.com/tfdemos/whole/assets/images/portfolio/gallery/3col/4.jpg]
[7oroof.com/tfdemos/whole/assets/images/portfolio/gallery/3col/5.jpg]
[7oroof.com/tfdemos/whole/assets/images/portfolio/gallery/3col/6.jpg]
[7oroof.com/tfdemos/whole/assets/images/portfolio/gallery/3col/7.jpg]
[7oroof.com/tfdemos/whole/assets/images/portfolio/gallery/3col/8.jpg]
[7oroof.com/tfdemos/whole/assets/images/portfolio/gallery/3col/9.jpg]
[7oroof.com/tfdemos/whole/portfolio-gallery-3cols.html]
[7oroof.com/tfdemos/whole/assets/images/portfolio/gallery/4col/1.jpg]
[7oroof.com/tfdemos/whole/assets/images/portfolio/gallery/4col/2.jpg]
[7oroof.com/tfdemos/whole/assets/images/portfolio/gallery/4col/3.jpg]
[7oroof.com/tfdemos/whole/assets/images/portfolio/gallery/4col/4.jpg]
[7oroof.com/tfdemos/whole/assets/images/portfolio/gallery/4col/5.jpg]
[7oroof.com/tfdemos/whole/assets/images/portfolio/gallery/4col/6.jpg]
[7oroof.com/tfdemos/whole/assets/images/portfolio/gallery/4col/7.jpg]
[7oroof.com/tfdemos/whole/assets/images/portfolio/gallery/4col/8.jpg]
[7oroof.com/tfdemos/whole/assets/images/portfolio/gallery/4col/9.jpg]
[7oroof.com/tfdemos/whole/assets/images/portfolio/gallery/4col/10.jpg]
[7oroof.com/tfdemos/whole/assets/images/portfolio/gallery/4col/11.jpg]
[7oroof.com/tfdemos/whole/assets/images/portfolio/gallery/4col/12.jpg]
[7oroof.com/tfdemos/whole/assets/images/portfolio/gallery/4col/13.jpg]
[7oroof.com/tfdemos/whole/assets/images/portfolio/gallery/4col/14.jpg]
[7oroof.com/tfdemos/whole/assets/images/portfolio/gallery/4col/15.jpg]
[7oroof.com/tfdemos/whole/assets/images/portfolio/gallery/4col/16.jpg]
[7oroof.com/tfdemos/whole/portfolio-gallery-4cols.html]
[7oroof.com/tfdemos/whole/assets/images/portfolio/gallery/3col/10.jpg]
[7oroof.com/tfdemos/whole/assets/images/portfolio/gallery/3col/11.jpg]
[7oroof.com/tfdemos/whole/assets/images/portfolio/gallery/3col/12.jpg]
[7oroof.com/tfdemos/whole/portfolio-gallery-4cols-wide.html]
[7oroof.com/tfdemos/whole/portfolio-gallery-5cols-wide.html]
[7oroof.com/tfdemos/whole/portfolio-pinterest-3cols.html]
[7oroof.com/tfdemos/whole/assets/images/portfolio/pinterest/4col/1.jpg]
[7oroof.com/tfdemos/whole/assets/images/portfolio/pinterest/4col/2.jpg]
[7oroof.com/tfdemos/whole/assets/images/portfolio/pinterest/4col/3.jpg]
[7oroof.com/tfdemos/whole/assets/images/portfolio/pinterest/4col/4.jpg]
[7oroof.com/tfdemos/whole/assets/images/portfolio/pinterest/4col/5.jpg]
[7oroof.com/tfdemos/whole/assets/images/portfolio/pinterest/4col/6.jpg]
[7oroof.com/tfdemos/whole/assets/images/portfolio/pinterest/4col/7.jpg]
[7oroof.com/tfdemos/whole/assets/images/portfolio/pinterest/4col/8.jpg]
[7oroof.com/tfdemos/whole/assets/images/portfolio/pinterest/4col/9.jpg]
[7oroof.com/tfdemos/whole/assets/images/portfolio/pinterest/4col/10.jpg]
[7oroof.com/tfdemos/whole/assets/images/portfolio/pinterest/4col/11.jpg]
[7oroof.com/tfdemos/whole/assets/images/portfolio/pinterest/4col/12.jpg]
[7oroof.com/tfdemos/whole/portfolio-pinterest-4cols.html]
[7oroof.com/tfdemos/whole/assets/images/portfolio/pinterest/wide/1.jpg]
[7oroof.com/tfdemos/whole/assets/images/portfolio/pinterest/wide/2.jpg]
[7oroof.com/tfdemos/whole/assets/images/portfolio/pinterest/wide/3.jpg]
[7oroof.com/tfdemos/whole/assets/images/portfolio/pinterest/wide/4.jpg]
[7oroof.com/tfdemos/whole/assets/images/portfolio/pinterest/wide/5.jpg]
[7oroof.com/tfdemos/whole/assets/images/portfolio/pinterest/wide/6.jpg]
[7oroof.com/tfdemos/whole/assets/images/portfolio/pinterest/wide/7.jpg]
[7oroof.com/tfdemos/whole/assets/images/portfolio/pinterest/wide/8.jpg]
[7oroof.com/tfdemos/whole/assets/images/portfolio/pinterest/wide/9.jpg]
[7oroof.com/tfdemos/whole/assets/images/portfolio/pinterest/wide/10.jpg]
[7oroof.com/tfdemos/whole/assets/images/portfolio/pinterest/wide/11.jpg]
[7oroof.com/tfdemos/whole/assets/images/portfolio/pinterest/wide/12.jpg]
[7oroof.com/tfdemos/whole/portfolio-pinterest-4cols-wide.html]
[7oroof.com/tfdemos/whole/assets/images/portfolio/pinterest/5col/1.jpg]
[7oroof.com/tfdemos/whole/assets/images/portfolio/pinterest/5col/2.jpg]
[7oroof.com/tfdemos/whole/assets/images/portfolio/pinterest/5col/3.jpg]
[7oroof.com/tfdemos/whole/assets/images/portfolio/pinterest/5col/4.jpg]
[7oroof.com/tfdemos/whole/assets/images/portfolio/pinterest/5col/5.jpg]
[7oroof.com/tfdemos/whole/assets/images/portfolio/pinterest/5col/6.jpg]
[7oroof.com/tfdemos/whole/assets/images/portfolio/pinterest/5col/7.jpg]
[7oroof.com/tfdemos/whole/assets/images/portfolio/pinterest/5col/8.jpg]
[7oroof.com/tfdemos/whole/assets/images/portfolio/pinterest/5col/9.jpg]
[7oroof.com/tfdemos/whole/assets/images/portfolio/pinterest/5col/10.jpg]
[7oroof.com/tfdemos/whole/assets/images/portfolio/pinterest/5col/11.jpg]
[7oroof.com/tfdemos/whole/assets/images/portfolio/pinterest/5col/12.jpg]
[7oroof.com/tfdemos/whole/assets/images/portfolio/pinterest/5col/13.jpg]
[7oroof.com/tfdemos/whole/assets/images/portfolio/pinterest/5col/14.jpg]
[7oroof.com/tfdemos/whole/assets/images/portfolio/pinterest/5col/15.jpg]
[7oroof.com/tfdemos/whole/portfolio-pinterest-5cols-wide.html]
[7oroof.com/tfdemos/whole/portfolio-masonry-grid.html]
[7oroof.com/tfdemos/whole/portfolio-masonry-spaced.html]
[7oroof.com/tfdemos/whole/portfolio-masonry-wide.html]
[7oroof.com/tfdemos/whole/portfolio-parallax.html]
[7oroof.com/tfdemos/whole/assets/images/portfolio/fullwidth/1.jpg]
[7oroof.com/tfdemos/whole/assets/images/portfolio/fullwidth/2.jpg]
[7oroof.com/tfdemos/whole/assets/images/portfolio/fullwidth/3.jpg]
[7oroof.com/tfdemos/whole/assets/images/portfolio/fullwidth/4.jpg]
[7oroof.com/tfdemos/whole/assets/images/portfolio/fullwidth/5.jpg]
[7oroof.com/tfdemos/whole/portfolio-slider.html]
[7oroof.com/tfdemos/whole/assets/images/portfolio/single/1.jpg]
[7oroof.com/tfdemos/whole/assets/images/portfolio/single/2.jpg]
[7oroof.com/tfdemos/whole/assets/images/portfolio/single/3.jpg]
[7oroof.com/tfdemos/whole/portfolio-single-small-images.html]
[7oroof.com/tfdemos/whole/assets/images/portfolio/single/4.jpg]
[7oroof.com/tfdemos/whole/assets/images/portfolio/single/5.jpg]
[7oroof.com/tfdemos/whole/assets/images/portfolio/single/6.jpg]
[7oroof.com/tfdemos/whole/portfolio-single-big-images.html]
[7oroof.com/tfdemos/whole/portfolio-single-small-slider.html]
[7oroof.com/tfdemos/whole/portfolio-single-big-slider.html]
[7oroof.com/tfdemos/whole/assets/images/portfolio/single/7.jpg]
[7oroof.com/tfdemos/whole/assets/images/portfolio/single/8.jpg]
[7oroof.com/tfdemos/whole/assets/images/portfolio/single/9.jpg]
[7oroof.com/tfdemos/whole/assets/images/portfolio/single/10.jpg]
[7oroof.com/tfdemos/whole/assets/images/portfolio/single/11.jpg]
[7oroof.com/tfdemos/whole/assets/images/portfolio/single/12.jpg]
[7oroof.com/tfdemos/whole/portfolio-single-gallery.html]
[7oroof.com/tfdemos/whole/assets/images/portfolio/single/13.jpg]
[7oroof.com/tfdemos/whole/assets/images/portfolio/single/14.jpg]
[7oroof.com/tfdemos/whole/assets/images/portfolio/single/15.jpg]
[7oroof.com/tfdemos/whole/portfolio-single-small-masonry.html]
[7oroof.com/tfdemos/whole/assets/images/portfolio/single/16.jpg]
[7oroof.com/tfdemos/whole/assets/images/portfolio/single/17.jpg]
[7oroof.com/tfdemos/whole/portfolio-single-big-masonry.html]
[7oroof.com/tfdemos/whole/assets/images/portfolio/single/24.jpg]
[7oroof.com/tfdemos/whole/assets/images/portfolio/single/25.jpg]
[7oroof.com/tfdemos/whole/assets/images/portfolio/single/26.jpg]
[7oroof.com/tfdemos/whole/assets/images/portfolio/single/27.jpg]
[7oroof.com/tfdemos/whole/assets/images/portfolio/single/28.jpg]
[7oroof.com/tfdemos/whole/assets/images/portfolio/single/29.jpg]
[7oroof.com/tfdemos/whole/portfolio-single-small-pinterest.html]
[7oroof.com/tfdemos/whole/assets/images/portfolio/single/18.jpg]
[7oroof.com/tfdemos/whole/assets/images/portfolio/single/19.jpg]
[7oroof.com/tfdemos/whole/assets/images/portfolio/single/20.jpg]
[7oroof.com/tfdemos/whole/assets/images/portfolio/single/21.jpg]
[7oroof.com/tfdemos/whole/assets/images/portfolio/single/22.jpg]
[7oroof.com/tfdemos/whole/assets/images/portfolio/single/23.jpg]
[7oroof.com/tfdemos/whole/portfolio-single-big-pinterest.html]
[7oroof.com/tfdemos/whole/assets/images/page-title/title-20.jpg]
[7oroof.com/tfdemos/whole/shop-3columns.html]
[7oroof.com/tfdemos/whole/shop-4columns.html]
[7oroof.com/tfdemos/whole/shop-products.html]
[7oroof.com/tfdemos/whole/assets/images/shop/full/1.jpg]
[7oroof.com/tfdemos/whole/shop-single.html]
[7oroof.com/tfdemos/whole/shop-cart.html]
[7oroof.com/tfdemos/whole/elements-testimonials.html]
[7oroof.com/tfdemos/whole/elements-blockquotes.html]
[7oroof.com/tfdemos/whole/assets/images/background/bg-1.jpg]
[7oroof.com/tfdemos/whole/assets/images/background/bg-5.jpg]
[7oroof.com/tfdemos/whole/assets/images/background/bg-2.jpg]
[7oroof.com/tfdemos/whole/assets/images/background/bg-3.jpg]
[7oroof.com/tfdemos/whole/elements-video-buttons.html]
[7oroof.com/tfdemos/whole/elements-clients.html]
[7oroof.com/tfdemos/whole/elements-clients-carousel.html]
[7oroof.com/tfdemos/whole/elements-post-carousel.html]
[7oroof.com/tfdemos/whole/elements-portfolio.html]
[7oroof.com/tfdemos/whole/elements-interactive-banners.html]
[7oroof.com/tfdemos/whole/elements-accordion.html]
[7oroof.com/tfdemos/whole/elements-buttons.html]
[7oroof.com/tfdemos/whole/elements-cta.html]
[7oroof.com/tfdemos/whole/elements-contact-form.html]
[7oroof.com/tfdemos/whole/elements-team.html]
[7oroof.com/tfdemos/whole/elements-tabs.html]
[7oroof.com/tfdemos/whole/assets/images/background/bg-6.jpg]
[7oroof.com/tfdemos/whole/elements-newsletter.html]
[7oroof.com/tfdemos/whole/elements-maps.html]
[7oroof.com/tfdemos/whole/elements-counter-down.html]
[7oroof.com/tfdemos/whole/elements-counters.html]
[7oroof.com/tfdemos/whole/elements-number-process.html]
[7oroof.com/tfdemos/whole/elements-pricing.html]
[7oroof.com/tfdemos/whole/elements-pie-charts.html]
[7oroof.com/tfdemos/whole/elements-list.html]
[7oroof.com/tfdemos/whole/elements-progress-bars.html]
[7oroof.com/tfdemos/whole/elements-work-process.html]
[7oroof.com/tfdemos/whole/elements-typed-out.html]
[7oroof.com/tfdemos/whole/elements-heading.html]
[7oroof.com/tfdemos/whole/elements-columns-grids.html]
[7oroof.com/tfdemos/whole/elements-timeline.html]
[7oroof.com/tfdemos/whole/elements-icon-text.html]
[7oroof.com/tfdemos/whole/assets/images/header/screen/header-1.jpg]
[7oroof.com/tfdemos/whole/assets/images/header/screen/header-2.jpg]
[7oroof.com/tfdemos/whole/assets/images/header/screen/header-3.jpg]
[7oroof.com/tfdemos/whole/assets/images/header/screen/header-4.jpg]
[7oroof.com/tfdemos/whole/assets/images/header/screen/header-5.jpg]
[7oroof.com/tfdemos/whole/assets/images/header/screen/header-6.jpg]
[7oroof.com/tfdemos/whole/assets/images/header/screen/header-7.jpg]
[7oroof.com/tfdemos/whole/assets/images/header/screen/header-8.jpg]
[7oroof.com/tfdemos/whole/assets/images/header/screen/header-9.jpg]
[7oroof.com/tfdemos/whole/assets/images/header/screen/header-10.jpg]
[7oroof.com/tfdemos/whole/assets/images/header/screen/header-11.jpg]
[7oroof.com/tfdemos/whole/assets/images/header/screen/header-12.jpg]
[7oroof.com/tfdemos/whole/assets/images/header/screen/header-13.jpg]
[7oroof.com/tfdemos/whole/assets/images/header/screen/header-14.jpg]
[7oroof.com/tfdemos/whole/assets/images/header/screen/header-15.jpg]
[7oroof.com/tfdemos/whole/assets/images/header/screen/header-16.jpg]
[7oroof.com/tfdemos/whole/assets/images/header/screen/header-17.jpg]
[7oroof.com/tfdemos/whole/assets/images/header/screen/header-18.jpg]
[7oroof.com/tfdemos/whole/assets/images/header/screen/header-19.jpg]
[7oroof.com/tfdemos/whole/assets/images/header/screen/header-20.jpg]
[7oroof.com/tfdemos/whole/elements-navigation.html]
[7oroof.com/tfdemos/whole/elements-messages.html]
[7oroof.com/tfdemos/whole/assets/media/video.mp4]
[7oroof.com/tfdemos/whole/assets/media/track.mp3]
[7oroof.com/tfdemos/whole/elements-media.html]
[7oroof.com/tfdemos/whole/elements-tables.html]
[7oroof.com/tfdemos/whole/elements-typography.html]
[7oroof.com/tfdemos/whole/assets/fonts/fontawesome-webfont5b62.html]
[7oroof.com/tfdemos/whole/assets/fonts/fontawesome-webfont5b62-2.html]
[7oroof.com/tfdemos/whole/assets/css/fonts/Stroke-Gap-Icons.html]
[7oroof.com/tfdemos/whole/assets/css/fonts/Linearicons-Free54e9.html]
[7oroof.com/tfdemos/whole/assets/css/fonts/Linearicons-Free54e9-2.html]
[7oroof.com/tfdemos/whole/assets/css/owl.video.play.html]
[7oroof.com/tfdemos/whole/assets/css/font/ytp-regular.html]
[7oroof.com/tfdemos/whole/assets/fonts/glyphicons-halflings-regular.html]
[7oroof.com/tfdemos/whole/assets/fonts/glyphicons-halflings-regulard41d.html]
[7oroof.com/tfdemos/whole/assets/fonts/glyphicons-halflings-regular-2.html]
[7oroof.com/tfdemos/whole/assets/fonts/glyphicons-halflings-regular-3.html]
[7oroof.com/tfdemos/whole/assets/fonts/glyphicons-halflings-regular-4.html]
[7oroof.com/tfdemos/whole/assets/fonts/glyphicons-halflings-regular-5.html]
[7oroof.com/tfdemos/whole/assets/css/polina.html]
[7oroof.com/tfdemos/whole/assets/revolution/fonts/revicons/revicons90c6.svg]
[7oroof.com/tfdemos/whole/assets/revolution/css/openhand.html]
[7oroof.com/tfdemos/whole/assets/revolution/css/closedhand.html]
[7oroof.com/tfdemos/whole/page-about-us-2.html]
[7oroof.com/tfdemos/whole/blog-carousel-2.html]
[7oroof.com/tfdemos/whole/portfolio-standard-2cols-2.html]
[7oroof.com/tfdemos/whole/shop-3columns-2.html]
[7oroof.com/tfdemos/whole/slider-12.html]
[7oroof.com/tfdemos/whole/assets/css/style-dark.css]
[7oroof.com/tfdemos/whole/elements-widget.html]
[7oroof.com/tfdemos/whole/home-boxed.html]
[7oroof.com/tfdemos/whole/home-rtl.html]
[7oroof.com/tfdemos/whole/assets/css/style-rtl.css]
